=== Run at 2026-08-12T00:00:35.706852 ===
Current time: 2026-08-11 08:00 PM EDT | Market open (per Alpaca): False
Account value: $88,449.15
Cash: $-4,761.65 | Holdings (12): {'AAPL': '12.8012 sh (-2.66%)', 'AMZN': '25.4179 sh (-0.35%)', 'COP': '63.8341 sh (+8.73%)', 'COST': '7.8517 sh (+0.29%)', 'DIS': '66.8769 sh (-1.13%)', 'GOOGL': '20.8177 sh (-3.49%)', 'HD': '34.1034 sh (+0.91%)', 'LMT': '20.7665 sh (+3.19%)', 'MA': '15.7159 sh (-1.95%)', 'META': '12.712 sh (+1.83%)', 'MSFT': '14.999 sh (-0.30%)', 'TSLA': '13.0184 sh (+3.10%)'}
Risk state: peak $88,449.15 | drawdown 0.00% | today +0.03% | halted: False
Market regime: BULLISH (position-size multiplier: 100% incl. circuit breaker 100%)
Market closed and TRADE_ONLY_DURING_MARKET_HOURS is enabled -- skipping news, decisions, and execution this run. Risk management and de-leveraging still ran above.
Ending portfolio value: $88,449.15

=== Run at 2026-08-12T00:02:25.626339 ===
Current time: 2026-08-11 08:02 PM EDT | Market open (per Alpaca): False
Account value: $88,435.15
Cash: $-4,761.65 | Holdings (12): {'AAPL': '12.8012 sh (-2.71%)', 'AMZN': '25.4179 sh (-0.35%)', 'COP': '63.8341 sh (+8.73%)', 'COST': '7.8517 sh (+0.29%)', 'DIS': '66.8769 sh (-1.13%)', 'GOOGL': '20.8177 sh (-3.62%)', 'HD': '34.1034 sh (+0.91%)', 'LMT': '20.7665 sh (+3.19%)', 'MA': '15.7159 sh (-1.95%)', 'META': '12.712 sh (+1.85%)', 'MSFT': '14.999 sh (-0.30%)', 'TSLA': '13.0184 sh (+3.01%)'}
Risk state: peak $88,449.15 | drawdown 0.02% | today +0.01% | halted: False
Market regime: BULLISH (position-size multiplier: 100% incl. circuit breaker 100%)
Market closed and TRADE_ONLY_DURING_MARKET_HOURS is enabled -- skipping news, decisions, and execution this run. Risk management and de-leveraging still ran above.
Ending portfolio value: $88,435.15

=== Run at 2026-08-12T00:04:34.329740 ===
Current time: 2026-08-11 08:04 PM EDT | Market open (per Alpaca): False
Account value: $88,447.08
Cash: $-4,761.65 | Holdings (12): {'AAPL': '12.8012 sh (-2.68%)', 'AMZN': '25.4179 sh (-0.35%)', 'COP': '63.8341 sh (+8.73%)', 'COST': '7.8517 sh (+0.29%)', 'DIS': '66.8769 sh (-1.13%)', 'GOOGL': '20.8177 sh (-3.58%)', 'HD': '34.1034 sh (+0.91%)', 'LMT': '20.7665 sh (+3.19%)', 'MA': '15.7159 sh (-1.95%)', 'META': '12.712 sh (+1.87%)', 'MSFT': '14.999 sh (-0.30%)', 'TSLA': '13.0184 sh (+3.17%)'}
Risk state: peak $88,449.15 | drawdown 0.00% | today +0.03% | halted: False
Market regime: BULLISH (position-size multiplier: 100% incl. circuit breaker 100%)
Market closed and TRADE_ONLY_DURING_MARKET_HOURS is enabled -- skipping news, decisions, and execution this run. Risk management and de-leveraging still ran above.
Ending portfolio value: $88,447.08

=== Run at 2026-08-12T00:06:29.259658 ===
Current time: 2026-08-11 08:06 PM EDT | Market open (per Alpaca): False
Account value: $88,435.54
Cash: $-4,761.65 | Holdings (12): {'AAPL': '12.8012 sh (-2.63%)', 'AMZN': '25.4179 sh (-0.40%)', 'COP': '63.8341 sh (+8.73%)', 'COST': '7.8517 sh (+0.29%)', 'DIS': '66.8769 sh (-1.13%)', 'GOOGL': '20.8177 sh (-3.62%)', 'HD': '34.1034 sh (+0.91%)', 'LMT': '20.7665 sh (+3.19%)', 'MA': '15.7159 sh (-1.95%)', 'META': '12.712 sh (+1.80%)', 'MSFT': '14.999 sh (-0.30%)', 'TSLA': '13.0184 sh (+3.12%)'}
Risk state: peak $88,449.15 | drawdown 0.02% | today +0.01% | halted: False
Market regime: BULLISH (position-size multiplier: 100% incl. circuit breaker 100%)
Market closed and TRADE_ONLY_DURING_MARKET_HOURS is enabled -- skipping news, decisions, and execution this run. Risk management and de-leveraging still ran above.
Ending portfolio value: $88,435.54

=== Run at 2026-08-12T00:08:27.315465 ===
Current time: 2026-08-11 08:08 PM EDT | Market open (per Alpaca): False
Account value: $88,438.30
Cash: $-4,761.65 | Holdings (12): {'AAPL': '12.8012 sh (-2.64%)', 'AMZN': '25.4179 sh (-0.40%)', 'COP': '63.8341 sh (+8.73%)', 'COST': '7.8517 sh (+0.29%)', 'DIS': '66.8769 sh (-1.13%)', 'GOOGL': '20.8177 sh (-3.60%)', 'HD': '34.1034 sh (+0.91%)', 'LMT': '20.7665 sh (+3.19%)', 'MA': '15.7159 sh (-1.95%)', 'META': '12.712 sh (+1.82%)', 'MSFT': '14.999 sh (-0.30%)', 'TSLA': '13.0184 sh (+3.12%)'}
Risk state: peak $88,449.15 | drawdown 0.01% | today +0.02% | halted: False
Market regime: BULLISH (position-size multiplier: 100% incl. circuit breaker 100%)
Market closed and TRADE_ONLY_DURING_MARKET_HOURS is enabled -- skipping news, decisions, and execution this run. Risk management and de-leveraging still ran above.
Ending portfolio value: $88,438.30

=== Run at 2026-08-12T00:10:35.596769 ===
Current time: 2026-08-11 08:10 PM EDT | Market open (per Alpaca): False
Account value: $88,428.81
Cash: $-4,761.65 | Holdings (12): {'AAPL': '12.8012 sh (-2.67%)', 'AMZN': '25.4179 sh (-0.43%)', 'COP': '63.8341 sh (+8.73%)', 'COST': '7.8517 sh (+0.29%)', 'DIS': '66.8769 sh (-1.13%)', 'GOOGL': '20.8177 sh (-3.62%)', 'HD': '34.1034 sh (+0.91%)', 'LMT': '20.7665 sh (+3.19%)', 'MA': '15.7159 sh (-1.95%)', 'META': '12.712 sh (+1.82%)', 'MSFT': '14.999 sh (-0.30%)', 'TSLA': '13.0184 sh (+3.01%)'}
  -> Trading halted: drawdown 0.0% >= flatten threshold 0.0%.
Risk state: peak $88,449.15 | drawdown 0.02% | today +0.01% | halted: True
Market regime: BULLISH (position-size multiplier: 100% incl. circuit breaker 100%)
Trading halted (drawdown 0.0% >= flatten threshold 0.0%) -- no new trades this run.
Ending portfolio value: $88,428.81

=== Run at 2026-08-12T00:12:34.146969 ===
Current time: 2026-08-11 08:12 PM EDT | Market open (per Alpaca): False
Account value: $88,431.25
Cash: $-4,761.65 | Holdings (12): {'AAPL': '12.8012 sh (-2.68%)', 'AMZN': '25.4179 sh (-0.43%)', 'COP': '63.8341 sh (+8.73%)', 'COST': '7.8517 sh (+0.29%)', 'DIS': '66.8769 sh (-1.13%)', 'GOOGL': '20.8177 sh (-3.62%)', 'HD': '34.1034 sh (+0.91%)', 'LMT': '20.7665 sh (+3.19%)', 'MA': '15.7159 sh (-1.95%)', 'META': '12.712 sh (+1.83%)', 'MSFT': '14.999 sh (-0.30%)', 'TSLA': '13.0184 sh (+3.05%)'}
Risk state: peak $88,449.15 | drawdown 0.02% | today +0.01% | halted: False
Market regime: BULLISH (position-size multiplier: 100% incl. circuit breaker 100%)
Market closed and TRADE_ONLY_DURING_MARKET_HOURS is enabled -- skipping news, decisions, and execution this run. Risk management and de-leveraging still ran above.
Ending portfolio value: $88,431.25
Trade journal: no closed trades yet

=== Run at 2026-08-12T00:14:21.377624 ===
Current time: 2026-08-11 08:14 PM EDT | Market open (per Alpaca): False
Account value: $88,435.49
Cash: $-4,761.65 | Holdings (12): {'AAPL': '12.8012 sh (-2.68%)', 'AMZN': '25.4179 sh (-0.41%)', 'COP': '63.8341 sh (+8.73%)', 'COST': '7.8517 sh (+0.29%)', 'DIS': '66.8769 sh (-1.13%)', 'GOOGL': '20.8177 sh (-3.57%)', 'HD': '34.1034 sh (+0.91%)', 'LMT': '20.7665 sh (+3.19%)', 'MA': '15.7159 sh (-1.95%)', 'META': '12.712 sh (+1.83%)', 'MSFT': '14.999 sh (-0.30%)', 'TSLA': '13.0184 sh (+3.03%)'}
Risk state: peak $88,449.15 | drawdown 0.02% | today +0.01% | halted: False
Market regime: BULLISH (position-size multiplier: 100% incl. circuit breaker 100%)
Market closed and TRADE_ONLY_DURING_MARKET_HOURS is enabled -- skipping news, decisions, and execution this run. Risk management and de-leveraging still ran above.
Ending portfolio value: $88,435.49
Trade journal: no closed trades yet

